#,,,,,,,,,,"generated_by='OpenQuake engine 3.8.0-gitdd37b9d50f', start_date='2019-12-04T10:59:22', checksum=4289257090, kind='quantile-0.84', investigation_time=1.0, imt='PGA'"
lon,lat,depth,poe-0.0100000,poe-0.0500000,poe-0.1000000,poe-0.2000000,poe-0.3000000,poe-0.5000000,poe-0.7500000,poe-1.0000000
-65.28146,0.00000,0.00000,9.950151E-03,9.889176E-03,9.375803E-03,7.366580E-03,5.374007E-03,2.780887E-03,1.289946E-03,6.471708E-04
-64.38200,0.00000,0.00000,9.937500E-03,7.969830E-03,4.614647E-03,1.513082E-03,5.726132E-04,1.166231E-04,2.433215E-05,6.768838E-06
