============= ==== ====== ======== =====
return_period kind policy taxonomy value
============= ==== ====== ======== =====
240           mean A      RC       71   
480           mean A      RC       90   
960           mean A      RC       571  
============= ==== ====== ======== =====