account        mail
host           mail.network_default
port           25
from           postmaster@domain.tld
account default : mail
