#,,"generated_by='OpenQuake engine 3.11.0-git6f08fb75b7', start_date='2021-02-04T05:46:53', checksum=499952398"
site_id,event_id,gmv_SA(0.3)
0,0,6.00555E-02
1,0,2.61819E-02
0,1,1.81493E-02
1,1,2.32913E-02
