city
Bristol
Bsitrol
Bath
Btha
Lndon
London
Lverpool
méémlent
Bristol
Bristol
Bristol
Bristol
Bristol
Bristol
Bristol
Bristol
Bristol
Bristol
Bristol
London
London
London
London
London
London
London
London
London
London
London
London
London
London
London
London
London
London
London
London
London
Liverpool
Liverpool
Liverpool
Liverpool
Liverpool
Liverpool
Liverpool
Liverpool
Liverpool
Liverpool
Liverpool
Liverpool
Liverpool
Liverpool
Liverpool
Liverpool
Liverpool
Liverpool
Liverpool
Liverpool
Liverpool
Liverpool
Liverpool
Liverpool
Liverpool
Liverpool
Liverpool
Liverpool
Liverpool
Liverpool
