#,,"generated_by='OpenQuake engine 3.9.0-git93fe51638e', start_date='2020-03-29T09:14:29', checksum=3450566160, kind='mean', investigation_time=1.0"
lon,lat,PGA-0.002105
-71.90000,-37.10000,3.092613E-02
