#,,,,,,,,,,,,,,,,,"generated_by='OpenQuake engine 3.9.0-git93fe51638e', start_date='2020-03-29T09:14:29', checksum=3450566160, kind='mean', investigation_time=1.0, imt='PGA'"
lon,lat,depth,poe-0.0050000,poe-0.0078960,poe-0.0124695,poe-0.0196919,poe-0.0310976,poe-0.0491097,poe-0.0775544,poe-0.1224745,poe-0.1934127,poe-0.3054389,poe-0.4823516,poe-0.7617336,poe-1.2029360,poe-1.8996863,poe-3.0000000
-71.90000,-37.10000,0.00000,2.130714E-02,1.314083E-02,7.766152E-03,4.269397E-03,2.086841E-03,8.554657E-04,2.759805E-04,6.457904E-05,8.727574E-06,2.590389E-08,0.000000E+00,0.000000E+00,0.000000E+00,0.000000E+00,0.000000E+00
