#,,"generated_by='OpenQuake engine 3.11.0-git6f08fb75b7', start_date='2021-02-04T05:33:19', checksum=854850086"
site_id,event_id,gmv_PGA
0,0,1.15808E-02
0,1,1.28791E-02
0,2,1.57664E-02
0,3,2.05506E-02
0,4,2.05769E-02
0,5,4.83318E-02
0,6,1.98890E-01
