#,,,,,,,,,,,,,,"generated_by='OpenQuake engine 3.9.0-git41adacd889', start_date='2020-04-23T05:16:16', checksum=2503288659, kind='mean', investigation_time=1.0, imt='PGA'"
lon,lat,depth,poe-0.0010197,poe-0.0101972,poe-0.0178450,poe-0.0305915,poe-0.0611830,poe-0.1019720,poe-0.1784500,poe-0.3059150,poe-0.6118300,poe-1.0197200,poe-1.7845000,poe-2.3963300
-123.23738,49.27479,0.00000,3.829234E-02,1.396115E-02,9.007336E-03,5.198105E-03,2.020343E-03,8.366972E-04,2.636991E-04,7.137172E-05,9.477981E-06,1.431552E-06,8.459769E-08,8.928177E-09
-123.23282,49.26162,0.00000,3.816352E-02,1.391163E-02,8.982928E-03,5.173701E-03,2.003830E-03,8.287398E-04,2.607150E-04,7.005354E-05,9.007295E-06,1.302543E-06,7.214037E-08,7.232385E-09
-123.20480,49.26786,0.00000,3.802181E-02,1.384160E-02,8.942471E-03,5.184223E-03,2.033668E-03,8.472121E-04,2.690740E-04,7.400142E-05,1.032417E-05,1.661581E-06,1.096785E-07,1.316389E-08
