#,,,,,,,,,,,,,,,,,,,,,,,,,,,,,,,,,,,,,,,,,,,,,,,"generated_by='OpenQuake engine 3.11.0-git36c93888e4', start_date='2020-12-21T16:48:04', checksum=2939666645, kind='mean', investigation_time=1.0, imt='SA(0.2)'"
lon,lat,depth,poe-0.0050000,poe-0.0057376,poe-0.0065840,poe-0.0075552,poe-0.0086698,poe-0.0099487,poe-0.0114163,poe-0.0131004,poe-0.0150330,poe-0.0172506,poe-0.0197953,poe-0.0227155,poe-0.0260664,poe-0.0299117,poe-0.0343242,poe-0.0393876,poe-0.0451980,poe-0.0518655,poe-0.0595165,poe-0.0682963,poe-0.0783711,poe-0.0899323,poe-0.1031988,poe-0.1184225,poe-0.1358919,poe-0.1559383,poe-0.1789419,poe-0.2053390,poe-0.2356300,poe-0.2703896,poe-0.3102768,poe-0.3560480,poe-0.4085713,poe-0.4688427,poe-0.5380052,poe-0.6173704,poe-0.7084434,poe-0.8129511,poe-0.9328756,poe-1.0704911,poe-1.2284072,poe-1.4096188,poe-1.6175622,poe-1.8561809,poe-2.1300000
1.00000,0.10000,0.00000,3.989106E-02,3.989106E-02,3.989106E-02,3.989106E-02,3.989106E-02,3.989106E-02,3.989106E-02,3.989097E-02,3.988920E-02,3.988241E-02,3.986493E-02,3.982728E-02,3.975384E-02,3.961633E-02,3.938149E-02,3.900613E-02,3.843852E-02,3.761727E-02,3.647874E-02,3.496609E-02,3.304009E-02,3.069011E-02,2.794309E-02,2.486769E-02,2.157168E-02,1.819185E-02,1.487778E-02,1.177228E-02,8.992914E-03,6.618457E-03,4.683044E-03,3.178567E-03,2.063657E-03,1.276339E-03,7.475018E-04,4.103070E-04,2.068381E-04,9.157427E-05,3.187128E-05,7.599965E-06,5.659210E-07,0.000000E+00,0.000000E+00,0.000000E+00,0.000000E+00
