==== ===================== ========= ============= ========= ==========
loss business_interruption contents  nonstructural occupants structural
==== ===================== ========= ============= ========= ==========
avg  194_936               1_673_293 3_149_864     5.84807   756_493   
==== ===================== ========= ============= ========= ==========