#,,,,,,,,,,,,,,,,,,,,,,"generated_by='OpenQuake engine 3.11.0-git502e0e1a38', start_date='2021-01-14T18:37:54', checksum=145673586, kind='mean', investigation_time=1.0, imt='PGA'"
lon,lat,depth,poe-0.0050000,poe-0.0070015,poe-0.0098041,poe-0.0137286,poe-0.0192240,poe-0.0269192,poe-0.0376948,poe-0.0527836,poe-0.0739125,poe-0.1034991,poe-0.1449289,poe-0.2029427,poe-0.2841789,poe-0.3979333,poe-0.5572227,poe-0.7802743,poe-1.0926116,poe-1.5299748,poe-2.1424109,poe-3.0000000
86.00000,37.00000,0.00000,7.374807E-03,7.295487E-03,7.047542E-03,6.460642E-03,5.408738E-03,3.980001E-03,2.508718E-03,1.354254E-03,6.518151E-04,3.017230E-04,1.394026E-04,6.289418E-05,2.645243E-05,8.490015E-06,1.870199E-06,4.648973E-08,0.000000E+00,0.000000E+00,0.000000E+00,0.000000E+00
