#,,,,,,,,,,,,"generated_by='OpenQuake engine 3.11.0-git6f08fb75b7', start_date='2021-02-04T05:33:26', checksum=833371124, kind='mean', investigation_time=1.0, imt='PGA'"
lon,lat,depth,poe-0.0100000,poe-0.0166810,poe-0.0278256,poe-0.0464159,poe-0.0774264,poe-0.1291550,poe-0.2154435,poe-0.3593814,poe-0.5994843,poe-1.0000000
0.00000,0.00000,-0.10000,6.702927E-01,6.173304E-01,5.574713E-01,4.669651E-01,3.171392E-01,1.919035E-01,8.612096E-02,2.329419E-02,7.920531E-03,0.000000E+00
