====== ===========
rlz_id structural 
====== ===========
0      1.06832E+06
====== ===========