#,,,"generated_by='OpenQuake engine 3.11.0-git61080b4098', start_date='2020-12-23T07:48:40', checksum=3430880684, investigation_time=None, risk_investigation_time=None"
loss_type,loss_value,exposed_value,loss_ratio
structural,5.96043E+02,6.00000E+03,9.93404E-02
