#,,,,,,"generated_by='OpenQuake engine 3.11.0-git2e606738a6', start_date='2021-01-14T08:50:36', checksum=1334191103, kind='mean', investigation_time=1.0, imt='PGA'"
lon,lat,depth,poe-0.1000000,poe-0.4000000,poe-0.6000000,poe-1.0000000
0.10000,0.00000,0.00000,1.218709E-02,5.389115E-04,7.042584E-05,0.000000E+00
