# This configuration file has been automatically generated by ddb
[http.routers]
  [http.routers.extra-service-api]
    rule = "Host(`sub.project.test`)"
    entrypoints = ["http"]
    service = "extra-service-api"
  [http.routers.extra-service-api-tls]
    rule = "Host(`sub.project.test`)"
    entrypoints = ["https"]
    tls = true
    service = "extra-service-api"

[http.services]
  [http.services.extra-service-api]
    [http.services.extra-service-api.loadBalancer]
      [[http.services.extra-service-api.loadBalancer.servers]]
        url = "http://127.0.0.1"
