#,,,,"generated_by='OpenQuake engine 3.11.0-git6f08fb75b7', start_date='2021-02-04T05:32:29', checksum=290435234, investigation_time=1.0, risk_investigation_time=1.0"
asset_id,taxonomy,lon,lat,structural
a1,tax1,-122.00000,38.11300,9.00000E-01
