#,,,,,,,,,,,"generated_by='OpenQuake engine 3.11.0-git6f08fb75b7', start_date='2021-02-04T05:32:46', checksum=1054875645, investigation_time=1.0, risk_investigation_time=50.0"
asset_id,cresta,occupancy,state,taxonomy,lon,lat,business_interruption,contents,nonstructural,occupants,structural
a3,0.21,Com,02,tax1,-122.57000,38.11300,9.94057E+01,4.98290E+02,7.47436E+02,1.98811E-03,0.00000E+00
a2,0.12,Res,01,tax2,-122.11400,38.11300,3.41887E+01,1.87563E+02,2.81345E+02,6.83775E-04,0.00000E+00
a5,0.23,Res,02,tax1,-122.00000,37.91000,3.66647E+01,2.08423E+02,3.12634E+02,7.33293E-04,0.00000E+00
a4,0.22,Res,02,tax3,-122.00000,38.00000,5.79794E+01,9.21930E+02,4.56964E+03,1.15959E-03,9.95999E+01
a1,0.11,Res,01,tax1,-122.00000,38.11300,4.50032E+01,2.61148E+02,3.91723E+02,9.00064E-04,0.00000E+00
a6,0.31,Res,03,tax2,-122.00000,38.22500,2.18812E+01,2.74483E+02,4.11724E+02,4.37623E-04,0.00000E+00
a7,0.32,Res,03,tax1,-121.88600,38.11300,3.40389E+01,1.87062E+02,2.80593E+02,6.80778E-04,0.00000E+00
