#,,"generated_by='OpenQuake engine 3.11.0-git6f08fb75b7', start_date='2021-02-04T05:49:20', checksum=4061079640"
site_id,event_id,gmv_PGA
0,0,1.88945E-01
0,2,1.34729E-01
0,3,1.20462E-01
0,5,1.24181E-01
0,6,1.49914E-01
0,7,1.19549E-01
0,10,2.86429E-01
0,11,1.32371E-01
0,16,1.25187E-01
0,18,1.90105E-01
0,24,1.48506E-01
0,25,1.17136E-01
