#,,,"generated_by='OpenQuake engine 3.11.0-git94f25043d4', start_date='2021-02-22T12:19:23', checksum=3590982611, investigation_time=None, risk_investigation_time=None"
loss_type,loss_value,exposed_value,loss_ratio
structural,2.23596E+03,1.00000E+04,2.23596E-01
