#,,,,,,,,,,,,,,,,,,,,,,"generated_by='OpenQuake engine 3.9.0-git93fe51638e', start_date='2020-03-29T09:15:14', checksum=478114332, kind='mean', investigation_time=1.0, imt='PGA'"
lon,lat,depth,poe-0.0050000,poe-0.0068764,poe-0.0094569,poe-0.0130059,poe-0.0178867,poe-0.0245991,poe-0.0338306,poe-0.0465264,poe-0.0639867,poe-0.0879994,poe-0.1210235,poe-0.1664408,poe-0.2289021,poe-0.3148036,poe-0.4329420,poe-0.5954149,poe-0.8188600,poe-1.1261588,poe-1.5487796,poe-2.1300000
0.00000,0.00000,0.00000,9.613508E-04,9.336949E-04,8.897138E-04,8.268477E-04,7.456640E-04,6.503345E-04,5.478490E-04,4.460811E-04,3.517737E-04,2.692727E-04,2.003103E-04,1.446634E-04,1.010787E-04,6.789634E-05,4.348918E-05,2.627692E-05,1.480355E-05,7.676215E-06,3.614721E-06,1.514692E-06
