========= ======= =======
PGA       SA(0.3) SA(0.6)
========= ======= =======
8.404E-04 0.00209 0.00154
========= ======= =======